[debug] [2026-09-16T16:02:21.673Z] ----------------------------------------------------------------------
[debug] [2026-09-16T16:02:21.676Z] Command:       C:\Program Files\nodejs\node.exe C:\Users\xhake\AppData\Roaming\npm\node_modules\firebase-tools\lib\bin\firebase.js deploy --only hosting
[debug] [2026-09-16T16:02:21.676Z] CLI Version:   15.30.0
[debug] [2026-09-16T16:02:21.677Z] Platform:      win32
[debug] [2026-09-16T16:02:21.677Z] Node Version:  v24.20.0
[debug] [2026-09-16T16:02:21.677Z] Detected Agent: unknown
[debug] [2026-09-16T16:02:21.677Z] Time:          Wed Sep 16 2026 11:02:21 GMT-0500 (Colombia Standard Time)
[debug] [2026-09-16T16:02:21.677Z] ----------------------------------------------------------------------
[debug] 
[debug] [2026-09-16T16:02:23.100Z] > command requires scopes: ["email","openid","https://www.googleapis.com/auth/cloudplatformprojects.readonly","https://www.googleapis.com/auth/firebase","https://www.googleapis.com/auth/cloud-platform"]
[debug] [2026-09-16T16:02:23.100Z] > authorizing via signed-in user (pinzon0165@gmail.com)
[debug] [2026-09-16T16:02:23.100Z] [iam] checking project gtl1-f32d5 for permissions ["firebase.projects.get","firebasehosting.sites.update"]
[debug] [2026-09-16T16:02:23.112Z] Checked if tokens are valid: false, expires at: 1789569598937
[debug] [2026-09-16T16:02:23.112Z] Checked if tokens are valid: false, expires at: 1789569598937
[debug] [2026-09-16T16:02:23.113Z] > refreshing access token with scopes: []
[debug] [2026-09-16T16:02:23.115Z] >>> [apiv2][query] POST https://www.googleapis.com/oauth2/v3/token [none]
[debug] [2026-09-16T16:02:23.115Z] >>> [apiv2][body] POST https://www.googleapis.com/oauth2/v3/token [omitted]
[debug] [2026-09-16T16:02:33.734Z] *** [apiv2] error from fetch(https://www.googleapis.com/oauth2/v3/token, {"headers":{},"method":"POST","body":{"type":"Buffer","data":[45,45,45,45,45,45,45,45,45,45,45,45,45,45,45,45,45,45,45,45,45,45,45,45,45,45,45,45,56,55,100,55,102,48,49,54,55,50,100,102,55,101,56,54,57,101,97,53,97,99,51,54,13,10,67,111,110,116,101,110,116,45,68,105,115,112,111,115,105,116,105,111,110,58,32,102,111,114,109,45,100,97,116,97,59,32,110,97,109,101,61,34,114,101,102,114,101,115,104,95,116,111,107,101,110,34,13,10,13,10,49,47,47,48,53,76,117,79,56,113,51,67,76,80,66,79,67,103,89,73,65,82,65,65,71,65,85,83,78,119,70,45,76,57,73,114,114,66,48,102,82,113,121,86,50,98,83,65,72,113,86,110,122,107,82,108,100,106,56,82,101,117,114,68,87,83,111,76,77,113,98,66,80,98,101,67,100,120,72,113,105,115,86,110,79,110,45,57,81,84,112,66,68,67,107,109,102,88,115,87,90,85,115,13,10,45,45,45,45,45,45,45,45,45,45,45,45,45,45,45,45,45,45,45,45,45,45,45,45,45,45,45,45,56,55,100,55,102,48,49,54,55,50,100,102,55,101,56,54,57,101,97,53,97,99,51,54,13,10,67,111,110,116,101,110,116,45,68,105,115,112,111,115,105,116,105,111,110,58,32,102,111,114,109,45,100,97,116,97,59,32,110,97,109,101,61,34,99,108,105,101,110,116,95,105,100,34,13,10,13,10,53,54,51,53,56,52,51,51,53,56,54,57,45,102,103,114,104,103,109,100,52,55,98,113,110,101,107,105,106,53,105,56,98,53,112,114,48,51,104,111,56,52,57,101,54,46,97,112,112,115,46,103,111,111,103,108,101,117,115,101,114,99,111,110,116,101,110,116,46,99,111,109,13,10,45,45,45,45,45,45,45,45,45,45,45,45,45,45,45,45,45,45,45,45,45,45,45,45,45,45,45,45,56,55,100,55,102,48,49,54,55,50,100,102,55,101,56,54,57,101,97,53,97,99,51,54,13,10,67,111,110,116,101,110,116,45,68,105,115,112,111,115,105,116,105,111,110,58,32,102,111,114,109,45,100,97,116,97,59,32,110,97,109,101,61,34,99,108,105,101,110,116,95,115,101,99,114,101,116,34,13,10,13,10,106,57,105,86,90,102,83,56,107,107,67,69,70,85,80,97,65,101,74,86,48,115,65,105,13,10,45,45,45,45,45,45,45,45,45,45,45,45,45,45,45,45,45,45,45,45,45,45,45,45,45,45,45,45,56,55,100,55,102,48,49,54,55,50,100,102,55,101,56,54,57,101,97,53,97,99,51,54,13,10,67,111,110,116,101,110,116,45,68,105,115,112,111,115,105,116,105,111,110,58,32,102,111,114,109,45,100,97,116,97,59,32,110,97,109,101,61,34,103,114,97,110,116,95,116,121,112,101,34,13,10,13,10,114,101,102,114,101,115,104,95,116,111,107,101,110,13,10,45,45,45,45,45,45,45,45,45,45,45,45,45,45,45,45,45,45,45,45,45,45,45,45,45,45,45,45,56,55,100,55,102,48,49,54,55,50,100,102,55,101,56,54,57,101,97,53,97,99,51,54,13,10,67,111,110,116,101,110,116,45,68,105,115,112,111,115,105,116,105,111,110,58,32,102,111,114,109,45,100,97,116,97,59,32,110,97,109,101,61,34,115,99,111,112,101,34,13,10,13,10,13,10,45,45,45,45,45,45,45,45,45,45,45,45,45,45,45,45,45,45,45,45,45,45,45,45,45,45,45,45,56,55,100,55,102,48,49,54,55,50,100,102,55,101,56,54,57,101,97,53,97,99,51,54,45,45,13,10]}}): ConnectTimeoutError: Connect Timeout Error (attempted address: www.googleapis.com:443, timeout: 10000ms)
[error] Authentication Error: Your credentials are no longer valid. Please run firebase login --reauth

For CI servers and headless environments, generate a new token with firebase login:ci
[debug] [2026-09-16T16:02:33.735Z] [iam] error while checking permissions, command may fail: Authentication Error: Your credentials are no longer valid. Please run firebase login --reauth

For CI servers and headless environments, generate a new token with firebase login:ci
[debug] [2026-09-16T16:02:33.736Z] Checked if tokens are valid: false, expires at: 1789569598937
[debug] [2026-09-16T16:02:33.736Z] Checked if tokens are valid: false, expires at: 1789569598937
[debug] [2026-09-16T16:02:33.736Z] > refreshing access token with scopes: []
[debug] [2026-09-16T16:02:33.737Z] >>> [apiv2][query] POST https://www.googleapis.com/oauth2/v3/token [none]
[debug] [2026-09-16T16:02:33.737Z] >>> [apiv2][body] POST https://www.googleapis.com/oauth2/v3/token [omitted]
[debug] [2026-09-16T16:02:34.194Z] *** [apiv2] error from fetch(https://www.googleapis.com/oauth2/v3/token, {"headers":{},"method":"POST","body":{"type":"Buffer","data":[45,45,45,45,45,45,45,45,45,45,45,45,45,45,45,45,45,45,45,45,45,45,45,45,45,45,45,45,50,48,100,97,56,101,102,56,55,56,56,54,48,54,98,56,53,54,57,50,100,50,53,97,13,10,67,111,110,116,101,110,116,45,68,105,115,112,111,115,105,116,105,111,110,58,32,102,111,114,109,45,100,97,116,97,59,32,110,97,109,101,61,34,114,101,102,114,101,115,104,95,116,111,107,101,110,34,13,10,13,10,49,47,47,48,53,76,117,79,56,113,51,67,76,80,66,79,67,103,89,73,65,82,65,65,71,65,85,83,78,119,70,45,76,57,73,114,114,66,48,102,82,113,121,86,50,98,83,65,72,113,86,110,122,107,82,108,100,106,56,82,101,117,114,68,87,83,111,76,77,113,98,66,80,98,101,67,100,120,72,113,105,115,86,110,79,110,45,57,81,84,112,66,68,67,107,109,102,88,115,87,90,85,115,13,10,45,45,45,45,45,45,45,45,45,45,45,45,45,45,45,45,45,45,45,45,45,45,45,45,45,45,45,45,50,48,100,97,56,101,102,56,55,56,56,54,48,54,98,56,53,54,57,50,100,50,53,97,13,10,67,111,110,116,101,110,116,45,68,105,115,112,111,115,105,116,105,111,110,58,32,102,111,114,109,45,100,97,116,97,59,32,110,97,109,101,61,34,99,108,105,101,110,116,95,105,100,34,13,10,13,10,53,54,51,53,56,52,51,51,53,56,54,57,45,102,103,114,104,103,109,100,52,55,98,113,110,101,107,105,106,53,105,56,98,53,112,114,48,51,104,111,56,52,57,101,54,46,97,112,112,115,46,103,111,111,103,108,101,117,115,101,114,99,111,110,116,101,110,116,46,99,111,109,13,10,45,45,45,45,45,45,45,45,45,45,45,45,45,45,45,45,45,45,45,45,45,45,45,45,45,45,45,45,50,48,100,97,56,101,102,56,55,56,56,54,48,54,98,56,53,54,57,50,100,50,53,97,13,10,67,111,110,116,101,110,116,45,68,105,115,112,111,115,105,116,105,111,110,58,32,102,111,114,109,45,100,97,116,97,59,32,110,97,109,101,61,34,99,108,105,101,110,116,95,115,101,99,114,101,116,34,13,10,13,10,106,57,105,86,90,102,83,56,107,107,67,69,70,85,80,97,65,101,74,86,48,115,65,105,13,10,45,45,45,45,45,45,45,45,45,45,45,45,45,45,45,45,45,45,45,45,45,45,45,45,45,45,45,45,50,48,100,97,56,101,102,56,55,56,56,54,48,54,98,56,53,54,57,50,100,50,53,97,13,10,67,111,110,116,101,110,116,45,68,105,115,112,111,115,105,116,105,111,110,58,32,102,111,114,109,45,100,97,116,97,59,32,110,97,109,101,61,34,103,114,97,110,116,95,116,121,112,101,34,13,10,13,10,114,101,102,114,101,115,104,95,116,111,107,101,110,13,10,45,45,45,45,45,45,45,45,45,45,45,45,45,45,45,45,45,45,45,45,45,45,45,45,45,45,45,45,50,48,100,97,56,101,102,56,55,56,56,54,48,54,98,56,53,54,57,50,100,50,53,97,13,10,67,111,110,116,101,110,116,45,68,105,115,112,111,115,105,116,105,111,110,58,32,102,111,114,109,45,100,97,116,97,59,32,110,97,109,101,61,34,115,99,111,112,101,34,13,10,13,10,13,10,45,45,45,45,45,45,45,45,45,45,45,45,45,45,45,45,45,45,45,45,45,45,45,45,45,45,45,45,50,48,100,97,56,101,102,56,55,56,56,54,48,54,98,56,53,54,57,50,100,50,53,97,45,45,13,10]}}): Error: getaddrinfo ENOTFOUND www.googleapis.com
[error] Authentication Error: Your credentials are no longer valid. Please run firebase login --reauth

For CI servers and headless environments, generate a new token with firebase login:ci
[debug] [2026-09-16T16:02:34.195Z] Authentication Error: Your credentials are no longer valid. Please run firebase login --reauth

For CI servers and headless environments, generate a new token with firebase login:ci
[error] 
[error] Error: Assertion failed: resolving hosting target of a site with no site name or target name. This should have caused an error earlier
